// Jest Snapshot v1, https://goo.gl/fbAQLP

exports[`Active Problems Table should match snapshot 1`] = `
<div>
  <table
    class="usa-table usa-table--borderless width-full table-caption-margin margin-y-0 border-top border-left border-right"
    data-testid="table"
  >
    <caption>
      Problems List
    </caption>
    <thead>
      <tr>
        <th
          class="tableHeader"
          scope="col"
        >
          Active Problem
        </th>
        <th
          class="tableHeader"
          scope="col"
        >
          Onset Date/Time
        </th>
        <th
          class="tableHeader"
          scope="col"
        >
          Onset Age
        </th>
        <th
          class="tableHeader"
          scope="col"
        >
          Comments
        </th>
      </tr>
    </thead>
    <tbody>
      <tr>
        <td
          class="text-top"
        >
          Malignant neoplasm of lower-inner quadrant of left breast in female, estrogen receptor positive
        </td>
        <td
          class="text-top"
        >
          12/14/2022
        </td>
        <td
          class="text-top"
        >
          145
        </td>
        <td
          class="text-top"
        >
          <button
            aria-controls="hidden-comment-r:id"
            aria-expanded="false"
            class="usa-button usa-button--unstyled"
            data-test-id="comment-button"
            data-testid="button"
            type="button"
          >
            View
             
            comment
          </button>
        </td>
      </tr>
      <tr
        hidden=""
        id="hidden-comment-r:id"
      >
        <td
          class="hideableData p-list"
          colspan="4"
        >
          Test note
        </td>
      </tr>
      <tr>
        <td
          class="text-top"
        >
          Headache
        </td>
        <td
          class="text-top"
        >
          08/19/2021
        </td>
        <td
          class="text-top"
        >
          144
        </td>
        <td
          class="text-top"
        >
          <span
            class="no-data text-italic text-base"
          >
            No data
          </span>
        </td>
      </tr>
      <tr>
        <td
          class="text-top"
        >
          Backache
        </td>
        <td
          class="text-top"
        >
          08/19/2018 1:00 PM
        </td>
        <td
          class="text-top"
        >
          141
        </td>
        <td
          class="text-top"
        >
          <span
            class="no-data text-italic text-base"
          >
            No data
          </span>
        </td>
      </tr>
    </tbody>
  </table>
</div>
`;
