// Jest Snapshot v1, https://goo.gl/fbAQLP

exports[`Snapshot test for Clinical Notes should match snapshot for non table notes 1`] = `
<div>
  <div
    class="margin-top-0"
  >
    <div
      class="padding-bottom-3"
    >
      <div
        class="usa-summary-box__body"
      >
        <div
          class="gutter-3"
        >
          <h4
            class="usa-summary-box__heading padding-y-105"
            id="clinical-notes"
          >
            Clinical Notes
          </h4>
          <div
            class="usa-summary-box__text clinical_info_container"
          >
            <div>
              <div
                class="grid-row"
              >
                <div
                  class="data-title padding-right-1"
                >
                  Miscellaneous Notes
                </div>
                <div
                  class="grid-col maxw7 text-pre-line p-list"
                >
                  <p>
                    This patient was only recently discharged for a recurrent GI bleed as described
                  </p>
                </div>
              </div>
              <div
                class="section__line_gray"
              />
            </div>
          </div>
        </div>
      </div>
    </div>
  </div>
</div>
`;

exports[`Snapshot test for Clinical Notes should match snapshot for table notes 1`] = `
<div>
  <div
    class="margin-top-0"
  >
    <div
      class="padding-bottom-3"
    >
      <div
        class="usa-summary-box__body"
      >
        <div
          class="gutter-3"
        >
          <h4
            class="usa-summary-box__heading padding-y-105"
            id="clinical-notes"
          >
            Clinical Notes
          </h4>
          <div
            class="usa-summary-box__text clinical_info_container"
          >
            <div>
              <div>
                <div
                  class="grid-col-auto text-pre-line"
                >
                  <table
                    class="usa-table usa-table--borderless width-full table-caption-margin caption-normal-weight margin-bottom-2 border-top border-left border-right"
                    data-testid="table"
                  >
                    <caption>
                      <span
                        class="usa-tooltip"
                        data-testid="tooltipWrapper"
                      >
                        <div
                          aria-describedby="[object Object]"
                          class="usa-tooltip__trigger usa-tooltip"
                          data-testid="triggerElement"
                          tabindex="0"
                          title=""
                        >
                          <div
                            class="data-title"
                          >
                            Miscellaneous Notes
                          </div>
                        </div>
                        <span
                          aria-hidden="true"
                          class="usa-tooltip__body"
                          data-testid="tooltipBody"
                          id="[object Object]"
                          role="tooltip"
                          title="Clinical notes from various parts of a medical record. Type of note found here depends on how the provider's EHR system onboarded to send eCR."
                        >
                          Clinical notes from various parts of a medical record. Type of note found here depends on how the provider's EHR system onboarded to send eCR.
                        </span>
                      </span>
                    </caption>
                    <thead>
                      <tr>
                        <th
                          class="table-header bg-gray-5 minw-10"
                          scope="col"
                        >
                          Active Problems
                        </th>
                        <th
                          class="table-header bg-gray-5 minw-10"
                          scope="col"
                        >
                          Noted Date
                        </th>
                      </tr>
                    </thead>
                    <tbody>
                      <tr>
                        <td>
                          Parkinson's syndrome
                        </td>
                        <td>
                          07/25/2022
                        </td>
                      </tr>
                      <tr>
                        <td>
                          Essential hypertension
                        </td>
                        <td>
                          07/21/2022
                        </td>
                      </tr>
                    </tbody>
                  </table>
                </div>
                <div
                  class="section__line_gray"
                />
              </div>
            </div>
          </div>
        </div>
      </div>
    </div>
  </div>
</div>
`;

exports[`Snapshot test for Procedures (Treatment Details) should match snapshot 1`] = `
<div>
  <div
    class="margin-top-0"
  >
    <div
      class="padding-bottom-3"
    >
      <div
        class="usa-summary-box__body"
      >
        <div
          class="gutter-3"
        >
          <h4
            class="usa-summary-box__heading padding-y-105"
            id="treatment-details"
          >
            Treatment Details
          </h4>
          <div
            class="usa-summary-box__text"
          >
            <div
              data-testid="treatment-details"
            >
              <div
                class="grid-row"
              >
                <div
                  class="grid-col-auto width-full text-pre-line"
                >
                  <table
                    class="usa-table usa-table--borderless width-full _fixed_1khz6_1 table-caption-margin margin-y-0 border-top border-left border-right"
                    data-testid="table"
                  >
                    <caption>
                      Procedures
                    </caption>
                    <thead>
                      <tr>
                        <th
                          class="table-header"
                          scope="col"
                        >
                          Name
                        </th>
                        <th
                          class="table-header"
                          scope="col"
                        >
                          Date/Time Performed
                        </th>
                        <th
                          class="table-header"
                          scope="col"
                        >
                          Reason
                        </th>
                      </tr>
                    </thead>
                    <tbody>
                      <tr>
                        <td
                          class="text-top"
                        >
                          HC INFECTIOUS DISEASE PATHOGEN SPECIFIC RNA SARS-COV-2/INF A&B/RSV UPPER RESP SPEC DETECTED OR NOT
                        </td>
                        <td
                          class="text-top"
                        >
                          06/24/2022
12:50 PM EDT
                        </td>
                        <td
                          class="text-top"
                        >
                          Struck by nonvenomous lizards, sequela
                        </td>
                      </tr>
                      <tr>
                        <td
                          class="text-top"
                        >
                          LOINC codes are better
                        </td>
                        <td
                          class="text-top"
                        >
                          06/16/2022
                        </td>
                        <td
                          class="text-top"
                        >
                          Routine general medical examination at a health care facility
                        </td>
                      </tr>
                    </tbody>
                  </table>
                </div>
              </div>
              <div
                class="section__line_gray"
              />
            </div>
          </div>
        </div>
      </div>
    </div>
  </div>
</div>
`;
