// Jest Snapshot v1, https://goo.gl/fbAQLP

exports[`Demographics should match snapshot 1`] = `
<div>
  <div
    class="margin-top-0"
  >
    <div
      class="padding-bottom-3"
    >
      <div
        class="usa-summary-box__body"
      >
        <div
          class="gutter-3"
        >
          <h4
            class="usa-summary-box__heading padding-y-105"
            id="demographics"
          >
            Demographics
          </h4>
          <div
            class="usa-summary-box__text"
          >
            <div>
              <div
                class="grid-row"
              >
                <div
                  class="data-title padding-right-1"
                >
                  Patient Name
                </div>
                <div
                  class="grid-col maxw7 text-pre-line p-list"
                >
                  Test patient
                </div>
              </div>
              <div
                class="section__line_gray"
              />
            </div>
            <div>
              <div
                class="grid-row"
              >
                <div
                  class="data-title padding-right-1"
                >
                  DOB
                </div>
                <div
                  class="grid-col maxw7 text-pre-line p-list"
                >
                  06/01/1996
                </div>
              </div>
              <div
                class="section__line_gray"
              />
            </div>
            <div>
              <div
                class="grid-row"
              >
                <div
                  class="data-title padding-right-1"
                >
                  Current Age
                </div>
                <div
                  class="grid-col maxw7 text-pre-line p-list"
                >
                  27
                </div>
              </div>
              <div
                class="section__line_gray"
              />
            </div>
            <div>
              <div
                class="grid-row"
              >
                <div
                  class="data-title padding-right-1"
                >
                  Vital Status
                </div>
                <div
                  class="grid-col maxw7 text-pre-line p-list"
                >
                  Alive
                </div>
              </div>
              <div
                class="section__line_gray"
              />
            </div>
            <div>
              <div
                class="grid-row"
              >
                <div
                  class="data-title padding-right-1"
                >
                  Sex
                </div>
                <div
                  class="grid-col maxw7 text-pre-line p-list"
                >
                  female
                </div>
              </div>
              <div
                class="section__line_gray"
              />
            </div>
            <div>
              <div
                class="grid-row"
              >
                <div
                  class="data-title padding-right-1"
                >
                  Race
                </div>
                <div
                  class="grid-col maxw7 text-pre-line p-list"
                >
                  Asian/Pacific Islander
                </div>
              </div>
              <div
                class="section__line_gray"
              />
            </div>
            <div>
              <div
                class="grid-row"
              >
                <div
                  class="data-title padding-right-1"
                >
                  Ethnicity
                </div>
                <div
                  class="grid-col maxw7 text-pre-line p-list"
                >
                  Not Hispanic or Latino
                </div>
              </div>
              <div
                class="section__line_gray"
              />
            </div>
            <div>
              <div
                class="grid-row"
              >
                <div
                  class="data-title padding-right-1"
                >
                  Tribal
                </div>
                <div
                  class="grid-col maxw7 text-pre-line p-list"
                >
                  test
                </div>
              </div>
              <div
                class="section__line_gray"
              />
            </div>
            <div>
              <div
                class="grid-row"
              >
                <div
                  class="data-title padding-right-1"
                >
                  Preferred Language
                </div>
                <div
                  class="grid-col maxw7 text-pre-line p-list"
                >
                  test
                </div>
              </div>
              <div
                class="section__line_gray"
              />
            </div>
            <div>
              <div
                class="grid-row"
              >
                <div
                  class="data-title padding-right-1"
                >
                  Patient Address
                </div>
                <div
                  class="grid-col maxw7 text-pre-line p-list"
                >
                  test address
                </div>
              </div>
              <div
                class="section__line_gray"
              />
            </div>
            <div>
              <div
                class="grid-row"
              >
                <div
                  class="data-title padding-right-1"
                >
                  County
                </div>
                <div
                  class="grid-col maxw7 text-pre-line p-list"
                >
                  test
                </div>
              </div>
              <div
                class="section__line_gray"
              />
            </div>
            <div>
              <div
                class="grid-row"
              >
                <div
                  class="data-title padding-right-1"
                >
                  Country
                </div>
                <div
                  class="grid-col maxw7 text-pre-line p-list"
                >
                  USA
                </div>
              </div>
              <div
                class="section__line_gray"
              />
            </div>
            <div>
              <div
                class="grid-row"
              >
                <div
                  class="data-title padding-right-1"
                >
                  Contact
                </div>
                <div
                  class="grid-col maxw7 text-pre-line p-list"
                >
                  test contact
                </div>
              </div>
              <div
                class="section__line_gray"
              />
            </div>
            <div>
              <div
                class="grid-row"
              >
                <div
                  class="data-title padding-right-1"
                >
                  Emergency Contact
                </div>
                <div
                  class="grid-col maxw7 text-pre-line p-list"
                >
                  N/A
                </div>
              </div>
              <div
                class="section__line_gray"
              />
            </div>
            <div>
              <div
                class="grid-row"
              >
                <div
                  class="data-title padding-right-1"
                >
                  Patient IDs
                </div>
                <div
                  class="grid-col maxw7 text-pre-line p-list"
                >
                  123-4567-890
                </div>
              </div>
              <div
                class="section__line_gray"
              />
            </div>
          </div>
        </div>
      </div>
    </div>
  </div>
</div>
`;
