// Jest Snapshot v1, https://goo.gl/fbAQLP

exports[`ECR Metadata should match snapshot 1`] = `
<div>
  <div
    class="margin-top-0"
  >
    <div
      class="padding-bottom-3"
    >
      <div
        class="usa-summary-box__body"
      >
        <div
          class="gutter-3"
        >
          <h4
            class="usa-summary-box__heading padding-y-105"
            id="rr-details"
          >
            RR Details
          </h4>
          <div
            class="usa-summary-box__text"
          >
            <table
              class="usa-table width-full _fixed_1khz6_1 rrTable"
              data-testid="table"
            >
              <caption>
                Reportability Summary
              </caption>
              <thead>
                <tr>
                  <th
                    class="width-25p"
                  >
                    <span
                      class="usa-tooltip"
                      data-testid="tooltipWrapper"
                    >
                      <div
                        aria-describedby="[object Object]"
                        class="usa-tooltip__trigger usa-tooltip"
                        data-testid="triggerElement"
                        tabindex="0"
                        title=""
                      >
                        Reportable Condition
                      </div>
                      <span
                        aria-hidden="true"
                        class="usa-tooltip__body"
                        data-testid="tooltipBody"
                        id="[object Object]"
                        role="tooltip"
                        title="List of conditions that caused this eCR to be sent to your jurisdiction based on the rules set up for routing eCRs by your jurisdiction in RCKMS (Reportable Condition Knowledge Management System). Can include multiple Reportable Conditions for one eCR."
                      >
                        List of conditions that caused this eCR to be sent to your jurisdiction based on the rules set up for routing eCRs by your jurisdiction in RCKMS (Reportable Condition Knowledge Management System). Can include multiple Reportable Conditions for one eCR.
                      </span>
                    </span>
                  </th>
                  <th>
                    <span
                      class="usa-tooltip"
                      data-testid="tooltipWrapper"
                    >
                      <div
                        aria-describedby="[object Object]"
                        class="usa-tooltip__trigger usa-tooltip"
                        data-testid="triggerElement"
                        tabindex="0"
                        title=""
                      >
                        RCKMS Rule Summary
                      </div>
                      <span
                        aria-hidden="true"
                        class="usa-tooltip__body"
                        data-testid="tooltipBody"
                        id="[object Object]"
                        role="tooltip"
                        title="Reason(s) that this eCR was sent for this condition. Corresponds to your jurisdiction's rules for routing eCRs in RCKMS (Reportable Condition Knowledge Management System)."
                      >
                        Reason(s) that this eCR was sent for this condition. Corresponds to your jurisdiction's rules for routing eCRs in RCKMS (Reportable Condition Knowledge Management System).
                      </span>
                    </span>
                  </th>
                  <th
                    class="width-25p"
                  >
                    <span
                      class="usa-tooltip"
                      data-testid="tooltipWrapper"
                    >
                      <div
                        aria-describedby="[object Object]"
                        class="usa-tooltip__trigger usa-tooltip"
                        data-testid="triggerElement"
                        tabindex="0"
                        title=""
                      >
                        Jurisdiction Sent eCR
                      </div>
                      <span
                        aria-hidden="true"
                        class="usa-tooltip__body"
                        data-testid="tooltipBody"
                        id="[object Object]"
                        role="tooltip"
                        title="List of jurisdictions this eCR was sent to. Can include multiple jurisdictions depending on provider location, patient address, and jurisdictions onboarded to eCR."
                      >
                        List of jurisdictions this eCR was sent to. Can include multiple jurisdictions depending on provider location, patient address, and jurisdictions onboarded to eCR.
                      </span>
                    </span>
                  </th>
                </tr>
              </thead>
              <tbody>
                <tr>
                  <td
                    rowspan="4"
                  >
                    Disease caused by severe acute respiratory syndrome coronavirus 2(disorder)
                  </td>
                  <td
                    rowspan="2"
                  >
                    Detection of SARS-CoV-2 nucleic acid in a clinical or post-mortem specimen by any method
                  </td>
                  <td>
                    Coruscant Department of Public Health
                  </td>
                </tr>
                <tr>
                  <td>
                    Coruscant City Department of Public Health
                  </td>
                </tr>
                <tr>
                  <td
                    rowspan="1"
                  >
                    Close contact in the 14 days prior to onset of symptoms with a confirmed or probable case of COVID-19 (Partially implemented as exposure with no timeframe parameters)
                  </td>
                  <td>
                    Coruscant City Department of Public Health
                  </td>
                </tr>
                <tr>
                  <td
                    rowspan="1"
                  >
                    COVID-19 (as a diagnosis or active problem)
                  </td>
                  <td>
                    Coruscant City Department of Public Health
                  </td>
                </tr>
              </tbody>
            </table>
            <div>
              <div
                class="section__line_gray"
              />
              <table
                class="usa-table usa-table--borderless width-full _fixed_1khz6_1 ersd-table fixed-table border-top border-left border-right border-bottom"
                data-testid="table"
              >
                <caption>
                  <span
                    class="usa-tooltip"
                    data-testid="tooltipWrapper"
                  >
                    <div
                      aria-describedby="[object Object]"
                      class="usa-tooltip__trigger usa-tooltip"
                      data-testid="triggerElement"
                      tabindex="0"
                      title=""
                    >
                      eRSD Warnings
                    </div>
                    <span
                      aria-hidden="true"
                      class="usa-tooltip__body"
                      data-testid="tooltipBody"
                      id="[object Object]"
                      role="tooltip"
                      title="Can be used to help you identify healthcare providers that need to update their eRSD (Electronic Reporting and Surveillance Distribution) version."
                    >
                      Can be used to help you identify healthcare providers that need to update their eRSD (Electronic Reporting and Surveillance Distribution) version.
                    </span>
                  </span>
                </caption>
                <thead>
                  <tr>
                    <th>
                      Warning
                    </th>
                    <th>
                      Version in Use
                    </th>
                    <th>
                      Expected Version
                    </th>
                    <th>
                      Suggested Solution
                    </th>
                  </tr>
                </thead>
                <tbody>
                  <tr>
                    <td
                      class="padding-105"
                    >
                      Sending organization is using an malformed eRSD (RCTC) version
                    </td>
                    <td
                      class="padding-105"
                    >
                      2020-06-23
                    </td>
                    <td
                      class="padding-105"
                    >
                      Sending organization should be using one of the following: 2023-10-06, 1.2.2.0, 3.x.x.x.
                    </td>
                    <td
                      class="padding-105"
                    >
                      The trigger code version your organization is using could not be determined. The trigger codes may be out date. Please have your EHR administrators update the version format for complete eCR functioning.
                    </td>
                  </tr>
                </tbody>
              </table>
              <div
                class="section__line_gray"
              />
            </div>
          </div>
        </div>
        <div
          class="gutter-3"
        >
          <h4
            class="usa-summary-box__heading padding-y-105"
            id="eicr-details"
          >
            eICR Details
          </h4>
          <div
            class="usa-summary-box__text"
          >
            <div>
              <div
                class="grid-row"
              >
                <div
                  class="data-title padding-right-1"
                >
                  eICR Identifier
                </div>
                <div
                  class="grid-col maxw7 text-pre-line p-list"
                >
                  1dd10047-2207-4eac-a993-0f706c88be5d
                </div>
              </div>
              <div
                class="section__line_gray"
              />
            </div>
            <div>
              <div
                class="grid-row"
              >
                <div
                  class="data-title padding-right-1"
                >
                  Date/Time eCR Created
                </div>
                <div
                  class="grid-col maxw7 text-pre-line p-list"
                >
                  2022-05-14T12:56:38Z
                </div>
              </div>
              <div
                class="section__line_gray"
              />
            </div>
            <div>
              <div
                class="grid-row"
              >
                <div
                  class="data-title padding-right-1"
                >
                  eICR Release Version
                </div>
                <div
                  class="grid-col maxw7 text-pre-line p-list"
                >
                  R1.1 (2016-12-01)
                </div>
              </div>
              <div
                class="section__line_gray"
              />
            </div>
            <div>
              <div
                class="grid-row"
              >
                <div
                  class="data-title padding-right-1"
                >
                  EHR Software Name
                </div>
                <div
                  class="grid-col maxw7 text-pre-line p-list"
                >
                  Epic - Version 10.1
                </div>
              </div>
              <div
                class="section__line_gray"
              />
            </div>
            <div>
              <div
                class="grid-row"
              >
                <div
                  class="data-title padding-right-1"
                >
                  EHR Manufacturer Model Name
                </div>
                <div
                  class="grid-col maxw7 text-pre-line p-list"
                >
                  Epic - Version 10.1
                </div>
              </div>
              <div
                class="section__line_gray"
              />
            </div>
          </div>
        </div>
        <div
          class="gutter-3"
        >
          <h4
            class="usa-summary-box__heading padding-y-105"
            id="eicr-author-details-for-practitioner"
          >
            eICR Author Details for Practitioner
          </h4>
          <div
            class="usa-summary-box__text"
          >
            <div>
              <div
                class="grid-row"
              >
                <div
                  class="data-title padding-right-1"
                >
                  Author Name
                </div>
                <div
                  class="grid-col maxw7 text-pre-line p-list"
                >
                  Dr. R2D2
                </div>
              </div>
              <div
                class="section__line_gray"
              />
            </div>
            <div>
              <div
                class="grid-row"
              >
                <div
                  class="data-title padding-right-1"
                >
                  Author Address
                </div>
                <div
                  class="grid-col maxw7 text-pre-line p-list"
                >
                  1 Droid st
                </div>
              </div>
              <div
                class="section__line_gray"
              />
            </div>
            <div>
              <div
                class="grid-row"
              >
                <div
                  class="data-title padding-right-1"
                >
                  Author Contact
                </div>
                <div
                  class="grid-col maxw7 text-pre-line p-list"
                >
                  (555)555-5555
                </div>
              </div>
              <div
                class="section__line_gray"
              />
            </div>
            <div>
              <div
                class="grid-row"
              >
                <div
                  class="data-title padding-right-1"
                >
                  Author Facility Name
                </div>
                <div
                  class="grid-col maxw7 text-pre-line p-list"
                >
                  Echo Base Medical Facility
                </div>
              </div>
              <div
                class="section__line_gray"
              />
            </div>
            <div>
              <div
                class="grid-row"
              >
                <div
                  class="data-title padding-right-1"
                >
                  Author Facility Address
                </div>
                <div
                  class="grid-col maxw7 text-pre-line p-list"
                >
                  5555 Echo Base Drive
Echo Base, CA
00123, USA
                </div>
              </div>
              <div
                class="section__line_gray"
              />
            </div>
            <div>
              <div
                class="grid-row"
              >
                <div
                  class="data-title padding-right-1"
                >
                  Author Facility Contact
                </div>
                <div
                  class="grid-col maxw7 text-pre-line p-list"
                >
                  555-555-5555
                </div>
              </div>
              <div
                class="section__line_gray"
              />
            </div>
          </div>
        </div>
        <div
          class="gutter-3"
        >
          <span
            class="usa-tooltip"
            data-testid="tooltipWrapper"
          >
            <div
              aria-describedby="[object Object]"
              class="usa-tooltip__trigger usa-tooltip short-tooltip"
              data-testid="triggerElement"
              tabindex="0"
              title=""
            >
              <h4
                class="usa-summary-box__heading padding-y-105"
                id="eicr-custodian-details"
              >
                eICR Custodian Details
              </h4>
            </div>
            <span
              aria-hidden="true"
              class="usa-tooltip__body"
              data-testid="tooltipBody"
              id="[object Object]"
              role="tooltip"
              title="Person or organization that generated the eICR Document."
            >
              Person or organization that generated the eICR Document.
            </span>
          </span>
          <div
            class="usa-summary-box__text"
          >
            <div>
              <div
                class="grid-row"
              >
                <div
                  class="data-title padding-right-1"
                >
                  Custodian ID
                </div>
                <div
                  class="grid-col maxw7 text-pre-line p-list"
                >
                  112233445566
                </div>
              </div>
              <div
                class="section__line_gray"
              />
            </div>
            <div>
              <div
                class="grid-row"
              >
                <div
                  class="data-title padding-right-1"
                >
                  Custodian Name
                </div>
                <div
                  class="grid-col maxw7 text-pre-line p-list"
                >
                  Hoth University Medical Center
                </div>
              </div>
              <div
                class="section__line_gray"
              />
            </div>
            <div>
              <div
                class="grid-row"
              >
                <div
                  class="data-title padding-right-1"
                >
                  Custodian Address
                </div>
                <div
                  class="grid-col maxw7 text-pre-line p-list"
                >
                  5555 Snowy Ave
Snowtown, TN
00123, USA
                </div>
              </div>
              <div
                class="section__line_gray"
              />
            </div>
            <div>
              <div
                class="grid-row"
              >
                <div
                  class="data-title padding-right-1"
                >
                  Custodian Contact
                </div>
                <div
                  class="grid-col maxw7 text-pre-line p-list"
                >
                  Work 1-555-555-5555
                </div>
              </div>
              <div
                class="section__line_gray"
              />
            </div>
          </div>
        </div>
      </div>
    </div>
  </div>
</div>
`;
