// Jest Snapshot v1, https://goo.gl/fbAQLP

exports[`EcrTableContent load with an eCR should match snapshot 1`] = `
<table>
  <tbody>
    <tr>
      <td>
        <a
          href="/view-data?id=id-1"
        >
          First-1
           
          Last-1
        </a>
        <br />
        DOB: 
        2000-01-01
      </td>
      <td>
        2021-01-01
      </td>
      <td>
        <span
          class="no-data text-italic text-base"
        >
          No data
        </span>
      </td>
      <td>
        <ul
          class="ecr-table-list"
        >
          <li>
            reportable-condition-1
          </li>
          <li>
            second-condition-1
          </li>
        </ul>
      </td>
      <td>
        <ul
          class="ecr-table-list"
        >
          <li>
            rule-summary-1
          </li>
          <li>
            second-summary-1
          </li>
        </ul>
      </td>
    </tr>
    <tr>
      <td>
        <a
          href="/view-data?id=id-2"
        >
          First-2
           
          Last-2
        </a>
        <span
          class="usa-tag margin-x-1 padding-x-05 padding-y-2px bg-primary-lighter radius-md text-thin text-base-dark"
        >
          V
          1
        </span>
        <br />
        DOB: 
        2000-01-02
      </td>
      <td>
        2021-01-02
      </td>
      <td>
        2021-01-02
      </td>
      <td>
        <ul
          class="ecr-table-list"
        >
          <li>
            reportable-condition-2
          </li>
          <li>
            second-condition-2
          </li>
        </ul>
      </td>
      <td>
        <ul
          class="ecr-table-list"
        >
          <li>
            rule-summary-2
          </li>
          <li>
            second-summary-2
          </li>
        </ul>
      </td>
    </tr>
    <tr>
      <td>
        <a
          href="/view-data?id=id-3"
        >
          First-3
           
          Last-3
        </a>
        <span
          class="usa-tag margin-x-1 padding-x-05 padding-y-2px bg-primary-lighter radius-md text-thin text-base-dark"
        >
          V
          2
        </span>
        <br />
        DOB: 
        2000-01-03
      </td>
      <td>
        2021-01-03
      </td>
      <td>
        2021-01-03
      </td>
      <td>
        <ul
          class="ecr-table-list"
        >
          <li>
            reportable-condition-3
          </li>
          <li>
            second-condition-3
          </li>
        </ul>
      </td>
      <td>
        <ul
          class="ecr-table-list"
        >
          <li>
            rule-summary-3
          </li>
          <li>
            second-summary-3
          </li>
        </ul>
      </td>
    </tr>
    <tr>
      <td>
        <a
          href="/view-data?id=id-4"
        >
          First-4
           
          Last-4
        </a>
        <span
          class="usa-tag margin-x-1 padding-x-05 padding-y-2px bg-primary-lighter radius-md text-thin text-base-dark"
        >
          V
          3
        </span>
        <br />
        DOB: 
        2000-01-04
      </td>
      <td>
        2021-01-04
      </td>
      <td>
        2021-01-04
      </td>
      <td>
        <ul
          class="ecr-table-list"
        >
          <li>
            reportable-condition-4
          </li>
          <li>
            second-condition-4
          </li>
        </ul>
      </td>
      <td>
        <ul
          class="ecr-table-list"
        >
          <li>
            rule-summary-4
          </li>
          <li>
            second-summary-4
          </li>
        </ul>
      </td>
    </tr>
    <tr>
      <td>
        <a
          href="/view-data?id=id-5"
        >
          First-5
           
          Last-5
        </a>
        <span
          class="usa-tag margin-x-1 padding-x-05 padding-y-2px bg-primary-lighter radius-md text-thin text-base-dark"
        >
          V
          4
        </span>
        <br />
        DOB: 
        2000-01-05
      </td>
      <td>
        2021-01-05
      </td>
      <td>
        2021-01-05
      </td>
      <td>
        <ul
          class="ecr-table-list"
        >
          <li>
            reportable-condition-5
          </li>
          <li>
            second-condition-5
          </li>
        </ul>
      </td>
      <td>
        <ul
          class="ecr-table-list"
        >
          <li>
            rule-summary-5
          </li>
          <li>
            second-summary-5
          </li>
        </ul>
      </td>
    </tr>
    <tr>
      <td>
        <a
          href="/view-data?id=id-6"
        >
          First-6
           
          Last-6
        </a>
        <span
          class="usa-tag margin-x-1 padding-x-05 padding-y-2px bg-primary-lighter radius-md text-thin text-base-dark"
        >
          V
          5
        </span>
        <br />
        DOB: 
        2000-01-06
      </td>
      <td>
        2021-01-06
      </td>
      <td>
        2021-01-06
      </td>
      <td>
        <ul
          class="ecr-table-list"
        >
          <li>
            reportable-condition-6
          </li>
          <li>
            second-condition-6
          </li>
        </ul>
      </td>
      <td>
        <ul
          class="ecr-table-list"
        >
          <li>
            rule-summary-6
          </li>
          <li>
            second-summary-6
          </li>
        </ul>
      </td>
    </tr>
    <tr>
      <td>
        <a
          href="/view-data?id=id-7"
        >
          First-7
           
          Last-7
        </a>
        <span
          class="usa-tag margin-x-1 padding-x-05 padding-y-2px bg-primary-lighter radius-md text-thin text-base-dark"
        >
          V
          6
        </span>
        <br />
        DOB: 
        2000-01-07
      </td>
      <td>
        2021-01-07
      </td>
      <td>
        2021-01-07
      </td>
      <td>
        <ul
          class="ecr-table-list"
        >
          <li>
            reportable-condition-7
          </li>
          <li>
            second-condition-7
          </li>
        </ul>
      </td>
      <td>
        <ul
          class="ecr-table-list"
        >
          <li>
            rule-summary-7
          </li>
          <li>
            second-summary-7
          </li>
        </ul>
      </td>
    </tr>
    <tr>
      <td>
        <a
          href="/view-data?id=id-8"
        >
          First-8
           
          Last-8
        </a>
        <span
          class="usa-tag margin-x-1 padding-x-05 padding-y-2px bg-primary-lighter radius-md text-thin text-base-dark"
        >
          V
          7
        </span>
        <br />
        DOB: 
        2000-01-08
      </td>
      <td>
        2021-01-08
      </td>
      <td>
        2021-01-08
      </td>
      <td>
        <ul
          class="ecr-table-list"
        >
          <li>
            reportable-condition-8
          </li>
          <li>
            second-condition-8
          </li>
        </ul>
      </td>
      <td>
        <ul
          class="ecr-table-list"
        >
          <li>
            rule-summary-8
          </li>
          <li>
            second-summary-8
          </li>
        </ul>
      </td>
    </tr>
    <tr>
      <td>
        <a
          href="/view-data?id=id-9"
        >
          First-9
           
          Last-9
        </a>
        <span
          class="usa-tag margin-x-1 padding-x-05 padding-y-2px bg-primary-lighter radius-md text-thin text-base-dark"
        >
          V
          8
        </span>
        <br />
        DOB: 
        2000-01-09
      </td>
      <td>
        2021-01-09
      </td>
      <td>
        2021-01-09
      </td>
      <td>
        <ul
          class="ecr-table-list"
        >
          <li>
            reportable-condition-9
          </li>
          <li>
            second-condition-9
          </li>
        </ul>
      </td>
      <td>
        <ul
          class="ecr-table-list"
        >
          <li>
            rule-summary-9
          </li>
          <li>
            second-summary-9
          </li>
        </ul>
      </td>
    </tr>
    <tr>
      <td>
        <a
          href="/view-data?id=id-10"
        >
          First-10
           
          Last-10
        </a>
        <span
          class="usa-tag margin-x-1 padding-x-05 padding-y-2px bg-primary-lighter radius-md text-thin text-base-dark"
        >
          V
          9
        </span>
        <br />
        DOB: 
        2000-01-01
      </td>
      <td>
        2021-01-01
      </td>
      <td>
        2021-01-01
      </td>
      <td>
        <ul
          class="ecr-table-list"
        >
          <li>
            reportable-condition-10
          </li>
          <li>
            second-condition-10
          </li>
        </ul>
      </td>
      <td>
        <ul
          class="ecr-table-list"
        >
          <li>
            rule-summary-10
          </li>
          <li>
            second-summary-10
          </li>
        </ul>
      </td>
    </tr>
    <tr>
      <td>
        <a
          href="/view-data?id=id-11"
        >
          First-11
           
          Last-11
        </a>
        <span
          class="usa-tag margin-x-1 padding-x-05 padding-y-2px bg-primary-lighter radius-md text-thin text-base-dark"
        >
          V
          10
        </span>
        <br />
        DOB: 
        2000-01-02
      </td>
      <td>
        2021-01-02
      </td>
      <td>
        2021-01-02
      </td>
      <td>
        <ul
          class="ecr-table-list"
        >
          <li>
            reportable-condition-11
          </li>
          <li>
            second-condition-11
          </li>
        </ul>
      </td>
      <td>
        <ul
          class="ecr-table-list"
        >
          <li>
            rule-summary-11
          </li>
          <li>
            second-summary-11
          </li>
        </ul>
      </td>
    </tr>
    <tr>
      <td>
        <a
          href="/view-data?id=id-12"
        >
          First-12
           
          Last-12
        </a>
        <span
          class="usa-tag margin-x-1 padding-x-05 padding-y-2px bg-primary-lighter radius-md text-thin text-base-dark"
        >
          V
          11
        </span>
        <br />
        DOB: 
        2000-01-03
      </td>
      <td>
        2021-01-03
      </td>
      <td>
        2021-01-03
      </td>
      <td>
        <ul
          class="ecr-table-list"
        >
          <li>
            reportable-condition-12
          </li>
          <li>
            second-condition-12
          </li>
        </ul>
      </td>
      <td>
        <ul
          class="ecr-table-list"
        >
          <li>
            rule-summary-12
          </li>
          <li>
            second-summary-12
          </li>
        </ul>
      </td>
    </tr>
    <tr>
      <td>
        <a
          href="/view-data?id=id-13"
        >
          First-13
           
          Last-13
        </a>
        <span
          class="usa-tag margin-x-1 padding-x-05 padding-y-2px bg-primary-lighter radius-md text-thin text-base-dark"
        >
          V
          12
        </span>
        <br />
        DOB: 
        2000-01-04
      </td>
      <td>
        2021-01-04
      </td>
      <td>
        2021-01-04
      </td>
      <td>
        <ul
          class="ecr-table-list"
        >
          <li>
            reportable-condition-13
          </li>
          <li>
            second-condition-13
          </li>
        </ul>
      </td>
      <td>
        <ul
          class="ecr-table-list"
        >
          <li>
            rule-summary-13
          </li>
          <li>
            second-summary-13
          </li>
        </ul>
      </td>
    </tr>
    <tr>
      <td>
        <a
          href="/view-data?id=id-14"
        >
          First-14
           
          Last-14
        </a>
        <span
          class="usa-tag margin-x-1 padding-x-05 padding-y-2px bg-primary-lighter radius-md text-thin text-base-dark"
        >
          V
          13
        </span>
        <br />
        DOB: 
        2000-01-05
      </td>
      <td>
        2021-01-05
      </td>
      <td>
        2021-01-05
      </td>
      <td>
        <ul
          class="ecr-table-list"
        >
          <li>
            reportable-condition-14
          </li>
          <li>
            second-condition-14
          </li>
        </ul>
      </td>
      <td>
        <ul
          class="ecr-table-list"
        >
          <li>
            rule-summary-14
          </li>
          <li>
            second-summary-14
          </li>
        </ul>
      </td>
    </tr>
    <tr>
      <td>
        <a
          href="/view-data?id=id-15"
        >
          First-15
           
          Last-15
        </a>
        <span
          class="usa-tag margin-x-1 padding-x-05 padding-y-2px bg-primary-lighter radius-md text-thin text-base-dark"
        >
          V
          14
        </span>
        <br />
        DOB: 
        2000-01-06
      </td>
      <td>
        2021-01-06
      </td>
      <td>
        2021-01-06
      </td>
      <td>
        <ul
          class="ecr-table-list"
        >
          <li>
            reportable-condition-15
          </li>
          <li>
            second-condition-15
          </li>
        </ul>
      </td>
      <td>
        <ul
          class="ecr-table-list"
        >
          <li>
            rule-summary-15
          </li>
          <li>
            second-summary-15
          </li>
        </ul>
      </td>
    </tr>
    <tr>
      <td>
        <a
          href="/view-data?id=id-16"
        >
          First-16
           
          Last-16
        </a>
        <span
          class="usa-tag margin-x-1 padding-x-05 padding-y-2px bg-primary-lighter radius-md text-thin text-base-dark"
        >
          V
          15
        </span>
        <br />
        DOB: 
        2000-01-07
      </td>
      <td>
        2021-01-07
      </td>
      <td>
        2021-01-07
      </td>
      <td>
        <ul
          class="ecr-table-list"
        >
          <li>
            reportable-condition-16
          </li>
          <li>
            second-condition-16
          </li>
        </ul>
      </td>
      <td>
        <ul
          class="ecr-table-list"
        >
          <li>
            rule-summary-16
          </li>
          <li>
            second-summary-16
          </li>
        </ul>
      </td>
    </tr>
    <tr>
      <td>
        <a
          href="/view-data?id=id-17"
        >
          First-17
           
          Last-17
        </a>
        <span
          class="usa-tag margin-x-1 padding-x-05 padding-y-2px bg-primary-lighter radius-md text-thin text-base-dark"
        >
          V
          16
        </span>
        <br />
        DOB: 
        2000-01-08
      </td>
      <td>
        2021-01-08
      </td>
      <td>
        2021-01-08
      </td>
      <td>
        <ul
          class="ecr-table-list"
        >
          <li>
            reportable-condition-17
          </li>
          <li>
            second-condition-17
          </li>
        </ul>
      </td>
      <td>
        <ul
          class="ecr-table-list"
        >
          <li>
            rule-summary-17
          </li>
          <li>
            second-summary-17
          </li>
        </ul>
      </td>
    </tr>
    <tr>
      <td>
        <a
          href="/view-data?id=id-18"
        >
          First-18
           
          Last-18
        </a>
        <span
          class="usa-tag margin-x-1 padding-x-05 padding-y-2px bg-primary-lighter radius-md text-thin text-base-dark"
        >
          V
          17
        </span>
        <br />
        DOB: 
        2000-01-09
      </td>
      <td>
        2021-01-09
      </td>
      <td>
        2021-01-09
      </td>
      <td>
        <ul
          class="ecr-table-list"
        >
          <li>
            reportable-condition-18
          </li>
          <li>
            second-condition-18
          </li>
        </ul>
      </td>
      <td>
        <ul
          class="ecr-table-list"
        >
          <li>
            rule-summary-18
          </li>
          <li>
            second-summary-18
          </li>
        </ul>
      </td>
    </tr>
    <tr>
      <td>
        <a
          href="/view-data?id=id-19"
        >
          First-19
           
          Last-19
        </a>
        <span
          class="usa-tag margin-x-1 padding-x-05 padding-y-2px bg-primary-lighter radius-md text-thin text-base-dark"
        >
          V
          18
        </span>
        <br />
        DOB: 
        2000-01-01
      </td>
      <td>
        2021-01-01
      </td>
      <td>
        2021-01-01
      </td>
      <td>
        <ul
          class="ecr-table-list"
        >
          <li>
            reportable-condition-19
          </li>
          <li>
            second-condition-19
          </li>
        </ul>
      </td>
      <td>
        <ul
          class="ecr-table-list"
        >
          <li>
            rule-summary-19
          </li>
          <li>
            second-summary-19
          </li>
        </ul>
      </td>
    </tr>
    <tr>
      <td>
        <a
          href="/view-data?id=id-20"
        >
          First-20
           
          Last-20
        </a>
        <span
          class="usa-tag margin-x-1 padding-x-05 padding-y-2px bg-primary-lighter radius-md text-thin text-base-dark"
        >
          V
          19
        </span>
        <br />
        DOB: 
        2000-01-02
      </td>
      <td>
        2021-01-02
      </td>
      <td>
        2021-01-02
      </td>
      <td>
        <ul
          class="ecr-table-list"
        >
          <li>
            reportable-condition-20
          </li>
          <li>
            second-condition-20
          </li>
        </ul>
      </td>
      <td>
        <ul
          class="ecr-table-list"
        >
          <li>
            rule-summary-20
          </li>
          <li>
            second-summary-20
          </li>
        </ul>
      </td>
    </tr>
    <tr>
      <td>
        <a
          href="/view-data?id=id-21"
        >
          First-21
           
          Last-21
        </a>
        <span
          class="usa-tag margin-x-1 padding-x-05 padding-y-2px bg-primary-lighter radius-md text-thin text-base-dark"
        >
          V
          20
        </span>
        <br />
        DOB: 
        2000-01-03
      </td>
      <td>
        2021-01-03
      </td>
      <td>
        2021-01-03
      </td>
      <td>
        <ul
          class="ecr-table-list"
        >
          <li>
            reportable-condition-21
          </li>
          <li>
            second-condition-21
          </li>
        </ul>
      </td>
      <td>
        <ul
          class="ecr-table-list"
        >
          <li>
            rule-summary-21
          </li>
          <li>
            second-summary-21
          </li>
        </ul>
      </td>
    </tr>
    <tr>
      <td>
        <a
          href="/view-data?id=id-22"
        >
          First-22
           
          Last-22
        </a>
        <span
          class="usa-tag margin-x-1 padding-x-05 padding-y-2px bg-primary-lighter radius-md text-thin text-base-dark"
        >
          V
          21
        </span>
        <br />
        DOB: 
        2000-01-04
      </td>
      <td>
        2021-01-04
      </td>
      <td>
        2021-01-04
      </td>
      <td>
        <ul
          class="ecr-table-list"
        >
          <li>
            reportable-condition-22
          </li>
          <li>
            second-condition-22
          </li>
        </ul>
      </td>
      <td>
        <ul
          class="ecr-table-list"
        >
          <li>
            rule-summary-22
          </li>
          <li>
            second-summary-22
          </li>
        </ul>
      </td>
    </tr>
    <tr>
      <td>
        <a
          href="/view-data?id=id-23"
        >
          First-23
           
          Last-23
        </a>
        <span
          class="usa-tag margin-x-1 padding-x-05 padding-y-2px bg-primary-lighter radius-md text-thin text-base-dark"
        >
          V
          22
        </span>
        <br />
        DOB: 
        2000-01-05
      </td>
      <td>
        2021-01-05
      </td>
      <td>
        2021-01-05
      </td>
      <td>
        <ul
          class="ecr-table-list"
        >
          <li>
            reportable-condition-23
          </li>
          <li>
            second-condition-23
          </li>
        </ul>
      </td>
      <td>
        <ul
          class="ecr-table-list"
        >
          <li>
            rule-summary-23
          </li>
          <li>
            second-summary-23
          </li>
        </ul>
      </td>
    </tr>
    <tr>
      <td>
        <a
          href="/view-data?id=id-24"
        >
          First-24
           
          Last-24
        </a>
        <span
          class="usa-tag margin-x-1 padding-x-05 padding-y-2px bg-primary-lighter radius-md text-thin text-base-dark"
        >
          V
          23
        </span>
        <br />
        DOB: 
        2000-01-06
      </td>
      <td>
        2021-01-06
      </td>
      <td>
        2021-01-06
      </td>
      <td>
        <ul
          class="ecr-table-list"
        >
          <li>
            reportable-condition-24
          </li>
          <li>
            second-condition-24
          </li>
        </ul>
      </td>
      <td>
        <ul
          class="ecr-table-list"
        >
          <li>
            rule-summary-24
          </li>
          <li>
            second-summary-24
          </li>
        </ul>
      </td>
    </tr>
    <tr>
      <td>
        <a
          href="/view-data?id=id-25"
        >
          First-25
           
          Last-25
        </a>
        <span
          class="usa-tag margin-x-1 padding-x-05 padding-y-2px bg-primary-lighter radius-md text-thin text-base-dark"
        >
          V
          24
        </span>
        <br />
        DOB: 
        2000-01-07
      </td>
      <td>
        2021-01-07
      </td>
      <td>
        2021-01-07
      </td>
      <td>
        <ul
          class="ecr-table-list"
        >
          <li>
            reportable-condition-25
          </li>
          <li>
            second-condition-25
          </li>
        </ul>
      </td>
      <td>
        <ul
          class="ecr-table-list"
        >
          <li>
            rule-summary-25
          </li>
          <li>
            second-summary-25
          </li>
        </ul>
      </td>
    </tr>
  </tbody>
</table>
`;

exports[`EcrTableContent load without an eCR should match snapshot 1`] = `
<table>
  <tbody>
    <tr>
      <td
        class="text-middle text-center height-card"
        colspan="999"
      >
        <span
          class="text-bold font-body-lg"
        >
          No eCRs found. We couldn't find any eCRs matching your filter or search critera.
        </span>
      </td>
    </tr>
  </tbody>
</table>
`;
