// Jest Snapshot v1, https://goo.gl/fbAQLP

exports[`Library Search should match snapshot 1`] = `
<div>
  <form
    class="usa-form--large usa-search className"
    data-testid="form"
    role="search"
  >
    <div
      class="textBoxClassName"
      data-testid="searchField"
    >
      <label
        class="usa-sr-only"
        data-testid="label"
        for="search-field"
      >
        Search
      </label>
      <input
        class="usa-input"
        data-testid="textInput"
        id="search-field"
        name="search"
        placeholder="Search by patient"
        type="search"
        value=""
      />
    </div>
    <div
      class="usa-search--small"
    >
      <button
        aria-label="Search"
        class="usa-button"
        data-testid="button"
        type="submit"
      >
        <svg
          aria-hidden="true"
          class="usa-icon usa-icon--size-3 usa-search__submit-icon"
          focusable="false"
          height="1em"
          name="Search"
          role="img"
          viewBox="0 0 24 24"
          width="1em"
          xmlns="http://www.w3.org/2000/svg"
        >
          <path
            d="M15.5 14h-.79l-.28-.27A6.471 6.471 0 0 0 16 9.5 6.5 6.5 0 1 0 9.5 16c1.61 0 3.09-.59 4.23-1.57l.27.28v.79l5 4.99L20.49 19l-4.99-5zm-6 0C7.01 14 5 11.99 5 9.5S7.01 5 9.5 5 14 7.01 14 9.5 11.99 14 9.5 14z"
          />
        </svg>
      </button>
    </div>
  </form>
</div>
`;
