// Jest Snapshot v1, https://goo.gl/fbAQLP

exports[`evaluateFhirDataServices tests Evaluate Encounter Care Team should return the correct Encounter care team 1`] = `
<JsonTable
  className="caption-data-title margin-y-0"
  outerBorder={true}
  rawTable={
    {
      "resultName": "Encounter Care Team",
      "tables": [
        [
          {
            "Dates": {
              "value": <span
                className="no-data text-italic text-base"
              >
                No data
              </span>,
            },
            "Name": {
              "value": <span
                className="no-data text-italic text-base"
              >
                No data
              </span>,
            },
            "Role": {
              "value": "ATND",
            },
          },
        ],
      ],
    }
  }
/>
`;
